// Jest Snapshot v1, https://goo.gl/fbAQLP

exports[`Snapshot Test AnalysisScreen 1`] = `
<Fragment>
  <ScreensTemplate
    bodyComponent={[Function]}
    headerComponent={[Function]}
    selectedNavLinkIndex={5}
  />
</Fragment>
`;
